Reusing configuration cache.
> Task :library:ui:preBuild UP-TO-DATE
> Task :library:image:preBuild UP-TO-DATE
> Task :library:network:preBuild UP-TO-DATE
> Task :sdk:games:preBuild UP-TO-DATE
> Task :library:preBuild UP-TO-DATE
> Task :library:ui:preReleaseBuild UP-TO-DATE
> Task :library:image:preReleaseBuild UP-TO-DATE
> Task :library:downloadservice:preBuild UP-TO-DATE
> Task :library:preReleaseBuild UP-TO-DATE
> Task :library:network:preReleaseBuild UP-TO-DATE
> Task :sdk:games:preReleaseBuild UP-TO-DATE
> Task :maps:generateDevLauncherIcon UP-TO-DATE
> Task :library:downloadservice:preReleaseBuild UP-TO-DATE
> Task :library:processReleaseNavigationResources UP-TO-DATE
> Task :library:generateReleaseResources UP-TO-DATE
> Task :library:extractReleaseSupportedLocales UP-TO-DATE
> Task :sdk:games:processReleaseNavigationResources UP-TO-DATE
> Task :library:image:extractReleaseSupportedLocales UP-TO-DATE
> Task :library:network:extractReleaseSupportedLocales UP-TO-DATE
> Task :library:javaPreCompileRelease UP-TO-DATE
> Task :sdk:games:generateReleaseResources UP-TO-DATE
> Task :library:ui:extractReleaseSupportedLocales UP-TO-DATE
> Task :sdk:games:javaPreCompileRelease UP-TO-DATE
> Task :sdk:games:extractReleaseSupportedLocales UP-TO-DATE
> Task :library:downloadservice:processReleaseNavigationResources UP-TO-DATE
> Task :library:downloadservice:extractReleaseSupportedLocales UP-TO-DATE
> Task :library:network:processReleaseNavigationResources UP-TO-DATE
> Task :library:image:processReleaseNavigationResources UP-TO-DATE
> Task :library:downloadservice:javaPreCompileRelease UP-TO-DATE
> Task :library:ui:processReleaseNavigationResources UP-TO-DATE
> Task :library:image:generateReleaseResources UP-TO-DATE
> Task :library:downloadservice:generateReleaseResources UP-TO-DATE
> Task :library:network:generateReleaseResources UP-TO-DATE
> Task :library:network:javaPreCompileRelease UP-TO-DATE
> Task :library:image:javaPreCompileRelease UP-TO-DATE
> Task :maps:cargoBuild_arm64_v8a UP-TO-DATE
> Task :library:ui:generateReleaseResources UP-TO-DATE
> Task :library:ui:javaPreCompileRelease UP-TO-DATE
> Task :maps:cargoNdkBuild UP-TO-DATE
> Task :maps:preBuild UP-TO-DATE
> Task :maps:preDevBuild UP-TO-DATE
> Task :library:packageReleaseResources UP-TO-DATE
> Task :maps:generateDevBuildConfig UP-TO-DATE
> Task :sdk:games:packageReleaseResources UP-TO-DATE
> Task :library:downloadservice:packageReleaseResources UP-TO-DATE
> Task :library:network:packageReleaseResources UP-TO-DATE
> Task :library:parseReleaseLocalResources UP-TO-DATE
> Task :sdk:games:parseReleaseLocalResources UP-TO-DATE
> Task :library:ui:packageReleaseResources UP-TO-DATE
> Task :library:image:packageReleaseResources UP-TO-DATE
> Task :library:downloadservice:parseReleaseLocalResources UP-TO-DATE
> Task :library:network:parseReleaseLocalResources UP-TO-DATE
> Task :library:image:parseReleaseLocalResources UP-TO-DATE
> Task :library:ui:parseReleaseLocalResources UP-TO-DATE
> Task :sdk:games:generateReleaseRFile UP-TO-DATE
> Task :library:generateReleaseRFile UP-TO-DATE
> Task :library:downloadservice:generateReleaseRFile UP-TO-DATE
> Task :library:network:generateReleaseRFile UP-TO-DATE
> Task :library:image:generateReleaseRFile UP-TO-DATE
> Task :library:ui:generateReleaseRFile UP-TO-DATE
> Task :maps:mapDevSourceSetPaths
> Task :maps:extractDevSupportedLocales
> Task :maps:generateDevResources
> Task :maps:generateDevLocaleConfig UP-TO-DATE
> Task :library:network:compileReleaseKotlin UP-TO-DATE
> Task :sdk:games:compileReleaseKotlin UP-TO-DATE
> Task :library:network:compileReleaseJavaWithJavac NO-SOURCE
> Task :sdk:games:compileReleaseJavaWithJavac NO-SOURCE
> Task :library:network:bundleLibCompileToJarRelease UP-TO-DATE
> Task :sdk:games:bundleLibCompileToJarRelease UP-TO-DATE
> Task :maps:processDevNavigationResources
> Task :library:kspReleaseKotlin UP-TO-DATE
> Task :maps:packageDevResources
> Task :library:compileReleaseKotlin UP-TO-DATE
> Task :library:compileReleaseJavaWithJavac NO-SOURCE
> Task :library:bundleLibCompileToJarRelease UP-TO-DATE
> Task :library:downloadservice:compileReleaseKotlin UP-TO-DATE
> Task :library:downloadservice:compileReleaseJavaWithJavac NO-SOURCE
> Task :library:downloadservice:bundleLibCompileToJarRelease UP-TO-DATE
> Task :maps:parseDevLocalResources
> Task :library:ui:compileReleaseKotlin UP-TO-DATE
> Task :library:ui:compileReleaseJavaWithJavac NO-SOURCE
> Task :library:ui:bundleLibCompileToJarRelease UP-TO-DATE
> Task :library:image:compileReleaseKotlin UP-TO-DATE
> Task :library:image:compileReleaseJavaWithJavac NO-SOURCE
> Task :library:image:bundleLibCompileToJarRelease UP-TO-DATE
> Task :maps:generateDevRFile
> Task :maps:kspDevKotlin SKIPPED
> Task :maps:compileDevKotlin

BUILD SUCCESSFUL in 13s
67 actionable tasks: 8 executed, 59 up-to-date
Configuration cache entry reused.
