Starting a Gradle Daemon, 1 busy and 8 stopped Daemons could not be reused, use --status for details
Calculating task graph as configuration cache cannot be reused because an input to task ':build-logic:jar' has changed.
> Task :build-logic:checkKotlinGradlePluginConfigurationErrors SKIPPED
> Task :build-logic:generateExternalPluginSpecBuilders UP-TO-DATE
> Task :build-logic:extractPrecompiledScriptPluginPlugins UP-TO-DATE
> Task :build-logic:compilePluginsBlocks UP-TO-DATE
> Task :build-logic:generatePrecompiledScriptPluginAccessors UP-TO-DATE
> Task :build-logic:generateScriptPluginAdapters UP-TO-DATE
> Task :build-logic:compileKotlin UP-TO-DATE
> Task :build-logic:compileJava NO-SOURCE
> Task :build-logic:pluginDescriptors UP-TO-DATE
> Task :build-logic:processResources UP-TO-DATE
> Task :build-logic:classes UP-TO-DATE
> Task :build-logic:jar UP-TO-DATE

> Configure project :appstore
WARNING: The option setting 'android.experimental.enableScreenshotTest=true' is experimental.
The current default is 'false'.
Add android.sync.suppressAgpWarnings=UNSUPPORTED_PROJECT_OPTION_USE to the gradle.properties file to suppress this warning.

> Task :library:network:preBuild UP-TO-DATE
> Task :library:preBuild UP-TO-DATE
> Task :library:network:preReleaseBuild UP-TO-DATE
> Task :sdk:games:preBuild UP-TO-DATE
> Task :library:preReleaseBuild UP-TO-DATE
> Task :sdk:games:preReleaseBuild UP-TO-DATE
> Task :library:room:preBuild UP-TO-DATE
> Task :travel:preBuild UP-TO-DATE
> Task :travel:preDevBuild UP-TO-DATE
> Task :library:room:preReleaseBuild UP-TO-DATE
> Task :library:image:preBuild UP-TO-DATE
> Task :calendar:preBuild UP-TO-DATE
> Task :flashcards:preBuild UP-TO-DATE
> Task :email:preBuild UP-TO-DATE
> Task :calendar:preDevBuild UP-TO-DATE
> Task :flashcards:preDevBuild UP-TO-DATE
> Task :games:logicgate:preBuild UP-TO-DATE
> Task :email:preDevBuild UP-TO-DATE
> Task :library:image:preReleaseBuild UP-TO-DATE
> Task :games:logicgate:preDevBuild UP-TO-DATE
> Task :games:wordmaker:preBuild UP-TO-DATE
> Task :games:solitaire:preBuild UP-TO-DATE
> Task :games:wordmaker:preDevBuild UP-TO-DATE
> Task :library:work:preBuild UP-TO-DATE
> Task :games:solitaire:preDevBuild UP-TO-DATE
> Task :library:work:preReleaseBuild UP-TO-DATE
> Task :games:arrows:preBuild UP-TO-DATE
> Task :games:arrows:preDevBuild UP-TO-DATE
> Task :sdk:cast:preBuild UP-TO-DATE
> Task :sdk:cast:preReleaseBuild UP-TO-DATE
> Task :music:preBuild UP-TO-DATE
> Task :music:preDevBuild UP-TO-DATE
> Task :library:media:preBuild UP-TO-DATE
> Task :library:media:preReleaseBuild UP-TO-DATE
> Task :sdk:games:generateReleaseResources UP-TO-DATE
> Task :sdk:games:extractReleaseSupportedLocales UP-TO-DATE
> Task :sdk:games:processReleaseNavigationResources UP-TO-DATE
> Task :things:preBuild UP-TO-DATE
> Task :sdk:games:javaPreCompileRelease UP-TO-DATE
> Task :library:network:javaPreCompileRelease UP-TO-DATE
> Task :things:preDevBuild UP-TO-DATE
> Task :library:image:javaPreCompileRelease UP-TO-DATE
> Task :files:preBuild UP-TO-DATE
> Task :library:room:processReleaseNavigationResources UP-TO-DATE
> Task :library:work:javaPreCompileRelease UP-TO-DATE
> Task :library:room:generateReleaseResources UP-TO-DATE
> Task :files:preDevBuild UP-TO-DATE
> Task :library:image:processReleaseNavigationResources UP-TO-DATE
> Task :library:image:generateReleaseResources UP-TO-DATE
> Task :library:image:extractReleaseSupportedLocales UP-TO-DATE
> Task :library:room:extractReleaseSupportedLocales UP-TO-DATE
> Task :library:network:generateReleaseResources UP-TO-DATE
> Task :library:network:extractReleaseSupportedLocales UP-TO-DATE
> Task :library:network:processReleaseNavigationResources UP-TO-DATE
> Task :health:preBuild UP-TO-DATE
> Task :games:solitaire:generateDevBuildConfig UP-TO-DATE
> Task :games:arrows:generateDevBuildConfig UP-TO-DATE
> Task :contacts:preBuild UP-TO-DATE
> Task :travel:generateDevBuildConfig UP-TO-DATE
> Task :sdk:cast:processReleaseNavigationResources UP-TO-DATE
> Task :email:generateDevBuildConfig UP-TO-DATE
> Task :sdk:cast:generateReleaseResources UP-TO-DATE
> Task :sdk:cast:extractReleaseSupportedLocales UP-TO-DATE
> Task :library:work:processReleaseNavigationResources UP-TO-DATE
> Task :library:work:extractReleaseSupportedLocales UP-TO-DATE
> Task :games:logicgate:generateDevBuildConfig UP-TO-DATE
> Task :library:work:generateReleaseResources UP-TO-DATE
> Task :health:preDevBuild UP-TO-DATE
> Task :music:generateDevBuildConfig UP-TO-DATE
> Task :games:wordmaker:generateDevBuildConfig UP-TO-DATE
> Task :library:media:extractReleaseSupportedLocales UP-TO-DATE
> Task :library:media:processReleaseNavigationResources UP-TO-DATE
> Task :flashcards:generateDevBuildConfig UP-TO-DATE
> Task :library:media:javaPreCompileRelease UP-TO-DATE
> Task :library:ui:preBuild UP-TO-DATE
> Task :contacts:preDevBuild UP-TO-DATE
> Task :calendar:generateDevBuildConfig UP-TO-DATE
> Task :sdk:cast:javaPreCompileRelease UP-TO-DATE
> Task :library:media:generateReleaseResources UP-TO-DATE
> Task :things:generateDevBuildConfig UP-TO-DATE
> Task :library:widgets:preBuild UP-TO-DATE
> Task :library:ui:preReleaseBuild UP-TO-DATE
> Task :files:generateDevBuildConfig UP-TO-DATE
> Task :library:widgets:preReleaseBuild UP-TO-DATE
> Task :library:extractReleaseSupportedLocales UP-TO-DATE
> Task :library:processReleaseNavigationResources UP-TO-DATE
> Task :library:generateReleaseResources UP-TO-DATE
> Task :contacts:generateDevBuildConfig UP-TO-DATE
> Task :health:generateDevBuildConfig UP-TO-DATE
> Task :library:widgets:javaPreCompileRelease UP-TO-DATE
> Task :library:widgets:processReleaseNavigationResources UP-TO-DATE
> Task :library:widgets:extractReleaseSupportedLocales UP-TO-DATE
> Task :library:widgets:generateReleaseResources UP-TO-DATE
> Task :calendar:generateDevLauncherIcon UP-TO-DATE
> Task :email:generateDevLauncherIcon UP-TO-DATE
> Task :games:logicgate:generateDevLauncherIcon UP-TO-DATE
> Task :things:generateDevLauncherIcon UP-TO-DATE
> Task :games:solitaire:generateDevLauncherIcon UP-TO-DATE
> Task :flashcards:generateDevLauncherIcon UP-TO-DATE
> Task :games:arrows:generateDevLauncherIcon UP-TO-DATE
> Task :files:generateDevLauncherIcon UP-TO-DATE
> Task :music:generateDevLauncherIcon UP-TO-DATE
> Task :games:wordmaker:generateDevLauncherIcon UP-TO-DATE
> Task :travel:generateDevLauncherIcon UP-TO-DATE
> Task :health:generateDevLauncherIcon UP-TO-DATE
> Task :contacts:generateDevLauncherIcon UP-TO-DATE
> Task :library:room:packageReleaseResources UP-TO-DATE
> Task :library:image:packageReleaseResources UP-TO-DATE
> Task :sdk:cast:packageReleaseResources UP-TO-DATE
> Task :sdk:games:packageReleaseResources UP-TO-DATE
> Task :library:network:packageReleaseResources UP-TO-DATE
> Task :library:work:packageReleaseResources UP-TO-DATE
> Task :library:ui:generateReleaseResources UP-TO-DATE
> Task :library:ui:extractReleaseSupportedLocales UP-TO-DATE
> Task :library:ui:processReleaseNavigationResources UP-TO-DATE
> Task :things:generateDevResources UP-TO-DATE
> Task :games:arrows:generateDevResources UP-TO-DATE
> Task :games:arrows:mapDevSourceSetPaths UP-TO-DATE
> Task :games:solitaire:generateDevResources UP-TO-DATE
> Task :games:arrows:extractDevSupportedLocales UP-TO-DATE
> Task :travel:extractDevSupportedLocales UP-TO-DATE
> Task :things:extractDevSupportedLocales UP-TO-DATE
> Task :games:solitaire:extractDevSupportedLocales UP-TO-DATE
> Task :travel:generateDevResources UP-TO-DATE
> Task :flashcards:extractDevSupportedLocales UP-TO-DATE
> Task :games:logicgate:generateDevResources UP-TO-DATE
> Task :contacts:mapDevSourceSetPaths UP-TO-DATE
> Task :email:extractDevSupportedLocales UP-TO-DATE
> Task :email:generateDevResources UP-TO-DATE
> Task :calendar:extractDevSupportedLocales UP-TO-DATE
> Task :email:mapDevSourceSetPaths UP-TO-DATE
> Task :health:mapDevSourceSetPaths UP-TO-DATE
> Task :games:logicgate:mapDevSourceSetPaths UP-TO-DATE
> Task :games:wordmaker:mapDevSourceSetPaths UP-TO-DATE
> Task :games:wordmaker:extractDevSupportedLocales UP-TO-DATE
> Task :flashcards:mapDevSourceSetPaths UP-TO-DATE
> Task :flashcards:generateDevResources UP-TO-DATE
> Task :music:generateDevResources UP-TO-DATE
> Task :library:packageReleaseResources UP-TO-DATE
> Task :games:wordmaker:generateDevResources UP-TO-DATE
> Task :travel:mapDevSourceSetPaths UP-TO-DATE
> Task :calendar:mapDevSourceSetPaths UP-TO-DATE
> Task :games:logicgate:extractDevSupportedLocales UP-TO-DATE
> Task :music:extractDevSupportedLocales UP-TO-DATE
> Task :files:extractDevSupportedLocales UP-TO-DATE
> Task :files:mapDevSourceSetPaths UP-TO-DATE
> Task :music:mapDevSourceSetPaths UP-TO-DATE
> Task :things:mapDevSourceSetPaths UP-TO-DATE
> Task :games:solitaire:mapDevSourceSetPaths UP-TO-DATE
> Task :contacts:generateDevResources UP-TO-DATE
> Task :library:ui:javaPreCompileRelease UP-TO-DATE
> Task :contacts:extractDevSupportedLocales UP-TO-DATE
> Task :health:extractDevSupportedLocales UP-TO-DATE
> Task :health:generateDevResources UP-TO-DATE
> Task :calendar:generateDevResources UP-TO-DATE
> Task :files:generateDevResources UP-TO-DATE
> Task :library:media:packageReleaseResources UP-TO-DATE
> Task :library:widgets:packageReleaseResources UP-TO-DATE
> Task :library:room:javaPreCompileRelease UP-TO-DATE
> Task :library:javaPreCompileRelease UP-TO-DATE
> Task :library:media:parseReleaseLocalResources UP-TO-DATE
> Task :library:room:parseReleaseLocalResources UP-TO-DATE
> Task :library:network:parseReleaseLocalResources UP-TO-DATE
> Task :sdk:games:parseReleaseLocalResources UP-TO-DATE
> Task :library:work:parseReleaseLocalResources UP-TO-DATE
> Task :library:image:parseReleaseLocalResources UP-TO-DATE
> Task :library:widgets:parseReleaseLocalResources UP-TO-DATE
> Task :sdk:cast:parseReleaseLocalResources UP-TO-DATE
> Task :library:parseReleaseLocalResources UP-TO-DATE
> Task :library:widgets:generateReleaseRFile UP-TO-DATE
> Task :sdk:cast:generateReleaseRFile UP-TO-DATE
> Task :library:generateReleaseRFile UP-TO-DATE
> Task :sdk:games:generateReleaseRFile UP-TO-DATE
> Task :library:work:generateReleaseRFile UP-TO-DATE
> Task :library:room:generateReleaseRFile UP-TO-DATE
> Task :library:ui:packageReleaseResources UP-TO-DATE
> Task :library:network:generateReleaseRFile UP-TO-DATE
> Task :library:image:generateReleaseRFile UP-TO-DATE
> Task :library:media:generateReleaseRFile UP-TO-DATE
> Task :library:ui:parseReleaseLocalResources UP-TO-DATE
> Task :games:solitaire:generateDevLocaleConfig UP-TO-DATE
> Task :contacts:generateDevLocaleConfig UP-TO-DATE
> Task :files:generateDevLocaleConfig UP-TO-DATE
> Task :email:generateDevLocaleConfig UP-TO-DATE
> Task :health:generateDevLocaleConfig UP-TO-DATE
> Task :calendar:generateDevLocaleConfig UP-TO-DATE
> Task :games:arrows:generateDevLocaleConfig UP-TO-DATE
> Task :travel:generateDevLocaleConfig UP-TO-DATE
> Task :things:generateDevLocaleConfig UP-TO-DATE
> Task :music:generateDevLocaleConfig UP-TO-DATE
> Task :library:ui:generateReleaseRFile UP-TO-DATE
> Task :flashcards:generateDevLocaleConfig UP-TO-DATE
> Task :files:packageDevResources UP-TO-DATE
> Task :calendar:packageDevResources UP-TO-DATE
> Task :things:packageDevResources UP-TO-DATE
> Task :contacts:packageDevResources UP-TO-DATE
> Task :health:packageDevResources UP-TO-DATE
> Task :travel:packageDevResources UP-TO-DATE
> Task :games:logicgate:generateDevLocaleConfig UP-TO-DATE
> Task :games:wordmaker:generateDevLocaleConfig UP-TO-DATE
> Task :games:arrows:packageDevResources UP-TO-DATE
> Task :games:solitaire:packageDevResources UP-TO-DATE
> Task :music:packageDevResources UP-TO-DATE
> Task :flashcards:packageDevResources UP-TO-DATE
> Task :games:wordmaker:packageDevResources UP-TO-DATE
> Task :games:logicgate:packageDevResources UP-TO-DATE
> Task :email:packageDevResources UP-TO-DATE
> Task :games:solitaire:processDevNavigationResources UP-TO-DATE
> Task :games:logicgate:processDevNavigationResources UP-TO-DATE
> Task :contacts:processDevNavigationResources UP-TO-DATE
> Task :games:wordmaker:processDevNavigationResources UP-TO-DATE
> Task :games:arrows:processDevNavigationResources UP-TO-DATE
> Task :email:processDevNavigationResources UP-TO-DATE
> Task :calendar:processDevNavigationResources UP-TO-DATE
> Task :health:processDevNavigationResources UP-TO-DATE
> Task :travel:processDevNavigationResources UP-TO-DATE
> Task :things:processDevNavigationResources UP-TO-DATE
> Task :files:processDevNavigationResources UP-TO-DATE
> Task :music:processDevNavigationResources UP-TO-DATE
> Task :flashcards:processDevNavigationResources UP-TO-DATE
> Task :games:arrows:parseDevLocalResources UP-TO-DATE
> Task :contacts:parseDevLocalResources UP-TO-DATE
> Task :email:parseDevLocalResources UP-TO-DATE
> Task :flashcards:parseDevLocalResources UP-TO-DATE
> Task :games:logicgate:parseDevLocalResources UP-TO-DATE
> Task :calendar:parseDevLocalResources UP-TO-DATE
> Task :music:parseDevLocalResources UP-TO-DATE
> Task :games:wordmaker:parseDevLocalResources UP-TO-DATE
> Task :health:parseDevLocalResources UP-TO-DATE
> Task :files:parseDevLocalResources UP-TO-DATE
> Task :games:solitaire:parseDevLocalResources UP-TO-DATE
> Task :things:parseDevLocalResources UP-TO-DATE
> Task :travel:parseDevLocalResources UP-TO-DATE
> Task :games:arrows:generateDevRFile UP-TO-DATE
> Task :games:logicgate:generateDevRFile UP-TO-DATE
> Task :contacts:generateDevRFile UP-TO-DATE
> Task :games:solitaire:generateDevRFile UP-TO-DATE
> Task :email:generateDevRFile UP-TO-DATE
> Task :files:generateDevRFile UP-TO-DATE
> Task :health:generateDevRFile UP-TO-DATE
> Task :travel:generateDevRFile UP-TO-DATE
> Task :games:wordmaker:generateDevRFile UP-TO-DATE
> Task :music:generateDevRFile UP-TO-DATE
> Task :calendar:generateDevRFile UP-TO-DATE
> Task :things:generateDevRFile UP-TO-DATE
> Task :flashcards:generateDevRFile UP-TO-DATE
> Task :library:network:compileReleaseKotlin UP-TO-DATE
> Task :sdk:games:compileReleaseKotlin UP-TO-DATE
> Task :library:network:compileReleaseJavaWithJavac NO-SOURCE
> Task :sdk:games:compileReleaseJavaWithJavac NO-SOURCE
> Task :library:media:compileReleaseKotlin UP-TO-DATE
> Task :sdk:cast:compileReleaseKotlin UP-TO-DATE
> Task :sdk:games:bundleLibCompileToJarRelease UP-TO-DATE
> Task :library:network:bundleLibCompileToJarRelease UP-TO-DATE
> Task :library:media:compileReleaseJavaWithJavac NO-SOURCE
> Task :sdk:cast:compileReleaseJavaWithJavac NO-SOURCE
> Task :sdk:cast:bundleLibCompileToJarRelease UP-TO-DATE
> Task :library:media:bundleLibCompileToJarRelease UP-TO-DATE
> Task :library:kspReleaseKotlin UP-TO-DATE
> Task :library:compileReleaseKotlin UP-TO-DATE
> Task :library:compileReleaseJavaWithJavac NO-SOURCE
> Task :library:bundleLibCompileToJarRelease UP-TO-DATE
> Task :library:room:kspReleaseKotlin UP-TO-DATE
> Task :library:work:compileReleaseKotlin UP-TO-DATE
> Task :library:work:compileReleaseJavaWithJavac NO-SOURCE
> Task :library:widgets:compileReleaseKotlin UP-TO-DATE
> Task :library:widgets:compileReleaseJavaWithJavac NO-SOURCE
> Task :library:work:bundleLibCompileToJarRelease UP-TO-DATE
> Task :library:widgets:bundleLibCompileToJarRelease UP-TO-DATE
> Task :library:room:compileReleaseKotlin UP-TO-DATE
> Task :library:room:compileReleaseJavaWithJavac NO-SOURCE
> Task :library:room:bundleLibCompileToJarRelease UP-TO-DATE
> Task :library:image:compileReleaseKotlin UP-TO-DATE
> Task :library:image:compileReleaseJavaWithJavac NO-SOURCE
> Task :library:image:bundleLibCompileToJarRelease UP-TO-DATE
> Task :library:ui:compileReleaseKotlin FROM-CACHE
> Task :library:ui:compileReleaseJavaWithJavac NO-SOURCE
> Task :library:ui:bundleLibCompileToJarRelease UP-TO-DATE
> Task :games:arrows:kspDevKotlin UP-TO-DATE
> Task :files:kspDevKotlin UP-TO-DATE
> Task :calendar:kspDevKotlin UP-TO-DATE
> Task :flashcards:kspDevKotlin UP-TO-DATE
> Task :travel:kspDevKotlin UP-TO-DATE
> Task :email:kspDevKotlin UP-TO-DATE
> Task :health:kspDevKotlin UP-TO-DATE
> Task :games:arrows:compileDevKotlin UP-TO-DATE
> Task :files:compileDevKotlin UP-TO-DATE
> Task :calendar:compileDevKotlin UP-TO-DATE
> Task :travel:compileDevKotlin UP-TO-DATE
> Task :email:compileDevKotlin UP-TO-DATE
> Task :games:logicgate:kspDevKotlin
> Task :games:wordmaker:kspDevKotlin
> Task :games:solitaire:kspDevKotlin
> Task :things:kspDevKotlin
> Task :contacts:kspDevKotlin
> Task :flashcards:compileDevKotlin UP-TO-DATE
> Task :health:compileDevKotlin UP-TO-DATE
> Task :music:kspDevKotlin

> Task :things:compileDevKotlin
w: file:///C:/Users/Vayun/Documents/code/Modern-Apps/things/src/main/java/com/vayunmathur/things/platform/BleManager.kt:186:23 'fun connectGatt(p0: Context!, p1: Boolean, p2: BluetoothGattCallback!, p3: Int): BluetoothGatt!' is deprecated. Deprecated in Java.
w: file:///C:/Users/Vayun/Documents/code/Modern-Apps/things/src/main/java/com/vayunmathur/things/platform/BleManager.kt:372:22 This declaration overrides a deprecated member but is not marked as deprecated itself. Add the '@Deprecated' annotation or suppress the diagnostic.
w: file:///C:/Users/Vayun/Documents/code/Modern-Apps/things/src/main/java/com/vayunmathur/things/platform/ScaleBleConnection.kt:147:19 'fun connectGatt(p0: Context!, p1: Boolean, p2: BluetoothGattCallback!, p3: Int): BluetoothGatt!' is deprecated. Deprecated in Java.
w: file:///C:/Users/Vayun/Documents/code/Modern-Apps/things/src/main/java/com/vayunmathur/things/platform/ScaleBleManager.kt:350:22 This declaration overrides a deprecated member but is not marked as deprecated itself. Add the '@Deprecated' annotation or suppress the diagnostic.

> Task :games:solitaire:compileDevKotlin
> Task :games:wordmaker:compileDevKotlin

> Task :games:logicgate:compileDevKotlin
w: file:///C:/Users/Vayun/Documents/code/Modern-Apps/games/logicgate/src/main/java/com/vayunmathur/games/logicgate/ui/GamePanels.kt:73:49 'fun rememberModalBottomSheetState(skipPartiallyExpanded: Boolean = ..., confirmValueChange: (SheetValue) -> Boolean = ...): SheetState' is deprecated. Use rememberBottomSheetState with Hidden initial value.

> Task :contacts:compileDevKotlin
w: file:///C:/Users/Vayun/Documents/code/Modern-Apps/contacts/src/main/java/com/vayunmathur/contacts/MainActivity.kt:249:34 'fun get(p0: String!): Any?' is deprecated. Deprecated in Java.
w: file:///C:/Users/Vayun/Documents/code/Modern-Apps/contacts/src/main/java/com/vayunmathur/contacts/ui/ContactDetailsFormat.kt:17:21 'val monthNumber: Int' is deprecated. Use the 'month' property instead.
w: file:///C:/Users/Vayun/Documents/code/Modern-Apps/contacts/src/main/java/com/vayunmathur/contacts/ui/ContactDetailsFormat.kt:17:45 'val monthNumber: Int' is deprecated. Use the 'month' property instead.
w: file:///C:/Users/Vayun/Documents/code/Modern-Apps/contacts/src/main/java/com/vayunmathur/contacts/ui/ContactDetailsFormat.kt:18:22 'val monthNumber: Int' is deprecated. Use the 'month' property instead.
w: file:///C:/Users/Vayun/Documents/code/Modern-Apps/contacts/src/main/java/com/vayunmathur/contacts/ui/ContactDetailsFormat.kt:18:47 'val monthNumber: Int' is deprecated. Use the 'month' property instead.
w: file:///C:/Users/Vayun/Documents/code/Modern-Apps/contacts/src/main/java/com/vayunmathur/contacts/ui/ContactDetailsFormat.kt:18:74 'val dayOfMonth: Int' is deprecated. Use the 'day' property instead.
w: file:///C:/Users/Vayun/Documents/code/Modern-Apps/contacts/src/main/java/com/vayunmathur/contacts/ui/ContactDetailsFormat.kt:18:97 'val dayOfMonth: Int' is deprecated. Use the 'day' property instead.
w: file:///C:/Users/Vayun/Documents/code/Modern-Apps/contacts/src/main/java/com/vayunmathur/contacts/util/ContactViewModelAccounts.kt:102:22 This extension is shadowed by a member: 'fun loadAccounts(): Unit' defined in 'com.vayunmathur.contacts.util.ContactViewModel'.

> Task :music:compileDevKotlin

[Incubating] Problems report is available at: file:///C:/Users/Vayun/Documents/code/Modern-Apps/build/reports/problems/problems-report.html

BUILD SUCCESSFUL in 1m 31s
257 actionable tasks: 12 executed, 1 from cache, 244 up-to-date
Configuration cache entry stored.
