Calculating task graph as no cached configuration is available for tasks: :calendar:compileDevKotlin :contacts:compileDevKotlin :health:compileDevKotlin :travel:compileDevKotlin :files:compileDevKotlin :things:compileDevKotlin :flashcards:compileDevKotlin :games:arrows:compileDevKotlin :games:solitaire:compileDevKotlin :email:compileDevKotlin
> Task :build-logic:checkKotlinGradlePluginConfigurationErrors SKIPPED
> Task :build-logic:generateExternalPluginSpecBuilders UP-TO-DATE
> Task :build-logic:extractPrecompiledScriptPluginPlugins UP-TO-DATE
> Task :build-logic:compilePluginsBlocks UP-TO-DATE
> Task :build-logic:generatePrecompiledScriptPluginAccessors UP-TO-DATE
> Task :build-logic:generateScriptPluginAdapters UP-TO-DATE
> Task :build-logic:compileKotlin UP-TO-DATE
> Task :build-logic:compileJava NO-SOURCE
> Task :build-logic:pluginDescriptors UP-TO-DATE
> Task :build-logic:processResources UP-TO-DATE
> Task :build-logic:classes UP-TO-DATE
> Task :build-logic:jar UP-TO-DATE

> Configure project :appstore
WARNING: The option setting 'android.experimental.enableScreenshotTest=true' is experimental.
The current default is 'false'.
Add android.sync.suppressAgpWarnings=UNSUPPORTED_PROJECT_OPTION_USE to the gradle.properties file to suppress this warning.

> Task :library:network:preBuild UP-TO-DATE
> Task :library:image:preBuild UP-TO-DATE
> Task :library:ui:preBuild UP-TO-DATE
> Task :email:preBuild UP-TO-DATE
> Task :library:widgets:preBuild UP-TO-DATE
> Task :files:preBuild UP-TO-DATE
> Task :library:work:preBuild UP-TO-DATE
> Task :sdk:games:preBuild UP-TO-DATE
> Task :games:solitaire:preBuild UP-TO-DATE
> Task :things:preBuild UP-TO-DATE
> Task :library:room:preBuild UP-TO-DATE
> Task :games:arrows:preBuild UP-TO-DATE
> Task :calendar:preBuild UP-TO-DATE
> Task :flashcards:preBuild UP-TO-DATE
> Task :library:network:preReleaseBuild UP-TO-DATE
> Task :contacts:preBuild UP-TO-DATE
> Task :library:preBuild UP-TO-DATE
> Task :files:preDevBuild UP-TO-DATE
> Task :health:preBuild UP-TO-DATE
> Task :library:ui:preReleaseBuild UP-TO-DATE
> Task :travel:preBuild UP-TO-DATE
> Task :calendar:preDevBuild UP-TO-DATE
> Task :health:preDevBuild UP-TO-DATE
> Task :things:preDevBuild UP-TO-DATE
> Task :library:widgets:preReleaseBuild UP-TO-DATE
> Task :contacts:preDevBuild UP-TO-DATE
> Task :library:image:preReleaseBuild UP-TO-DATE
> Task :library:network:generateReleaseResources UP-TO-DATE
> Task :library:network:extractReleaseSupportedLocales UP-TO-DATE
> Task :library:network:javaPreCompileRelease UP-TO-DATE
> Task :games:solitaire:preDevBuild UP-TO-DATE
> Task :email:preDevBuild UP-TO-DATE
> Task :library:image:extractReleaseSupportedLocales UP-TO-DATE
> Task :library:image:processReleaseNavigationResources UP-TO-DATE
> Task :library:work:preReleaseBuild UP-TO-DATE
> Task :flashcards:preDevBuild UP-TO-DATE
> Task :library:room:preReleaseBuild UP-TO-DATE
> Task :sdk:games:preReleaseBuild UP-TO-DATE
> Task :library:image:generateReleaseResources UP-TO-DATE
> Task :library:work:extractReleaseSupportedLocales UP-TO-DATE
> Task :library:image:javaPreCompileRelease UP-TO-DATE
> Task :library:preReleaseBuild UP-TO-DATE
> Task :travel:preDevBuild UP-TO-DATE
> Task :library:work:generateReleaseResources UP-TO-DATE
> Task :library:work:processReleaseNavigationResources UP-TO-DATE
> Task :library:network:processReleaseNavigationResources UP-TO-DATE
> Task :library:network:packageReleaseResources UP-TO-DATE
> Task :library:extractReleaseSupportedLocales UP-TO-DATE
> Task :library:processReleaseNavigationResources UP-TO-DATE
> Task :library:ui:generateReleaseResources UP-TO-DATE
> Task :library:javaPreCompileRelease UP-TO-DATE
> Task :library:ui:javaPreCompileRelease UP-TO-DATE
> Task :games:arrows:preDevBuild UP-TO-DATE
> Task :sdk:games:javaPreCompileRelease UP-TO-DATE
> Task :library:room:extractReleaseSupportedLocales UP-TO-DATE
> Task :library:room:generateReleaseResources UP-TO-DATE
> Task :library:widgets:javaPreCompileRelease UP-TO-DATE
> Task :library:work:javaPreCompileRelease UP-TO-DATE
> Task :library:widgets:processReleaseNavigationResources UP-TO-DATE
> Task :library:widgets:generateReleaseResources UP-TO-DATE
> Task :library:widgets:extractReleaseSupportedLocales UP-TO-DATE
> Task :things:generateDevBuildConfig UP-TO-DATE
> Task :email:generateDevBuildConfig UP-TO-DATE
> Task :files:generateDevBuildConfig UP-TO-DATE
> Task :games:solitaire:generateDevBuildConfig UP-TO-DATE
> Task :library:room:javaPreCompileRelease UP-TO-DATE
> Task :sdk:games:processReleaseNavigationResources UP-TO-DATE
> Task :library:room:processReleaseNavigationResources UP-TO-DATE
> Task :health:generateDevBuildConfig UP-TO-DATE
> Task :sdk:games:extractReleaseSupportedLocales UP-TO-DATE
> Task :library:generateReleaseResources UP-TO-DATE
> Task :library:ui:processReleaseNavigationResources UP-TO-DATE
> Task :sdk:games:generateReleaseResources UP-TO-DATE
> Task :library:ui:extractReleaseSupportedLocales UP-TO-DATE
> Task :calendar:generateDevBuildConfig UP-TO-DATE
> Task :files:generateDevLauncherIcon UP-TO-DATE
> Task :health:generateDevLauncherIcon UP-TO-DATE
> Task :contacts:generateDevLauncherIcon UP-TO-DATE
> Task :games:arrows:generateDevLauncherIcon UP-TO-DATE
> Task :email:generateDevLauncherIcon UP-TO-DATE
> Task :library:image:packageReleaseResources UP-TO-DATE
> Task :flashcards:generateDevLauncherIcon UP-TO-DATE
> Task :things:generateDevLauncherIcon UP-TO-DATE
> Task :games:solitaire:generateDevLauncherIcon UP-TO-DATE
> Task :calendar:generateDevLauncherIcon UP-TO-DATE
> Task :travel:generateDevLauncherIcon UP-TO-DATE
> Task :library:network:parseReleaseLocalResources UP-TO-DATE
> Task :library:work:packageReleaseResources UP-TO-DATE
> Task :travel:generateDevBuildConfig UP-TO-DATE
> Task :flashcards:generateDevBuildConfig UP-TO-DATE
> Task :things:generateDevResources UP-TO-DATE
> Task :games:solitaire:generateDevResources UP-TO-DATE
> Task :library:ui:packageReleaseResources UP-TO-DATE
> Task :contacts:generateDevBuildConfig UP-TO-DATE
> Task :games:arrows:generateDevBuildConfig UP-TO-DATE
> Task :travel:generateDevResources UP-TO-DATE
> Task :sdk:games:packageReleaseResources UP-TO-DATE
> Task :things:extractDevSupportedLocales UP-TO-DATE
> Task :library:room:packageReleaseResources UP-TO-DATE
> Task :games:arrows:generateDevResources UP-TO-DATE
> Task :sdk:games:parseReleaseLocalResources UP-TO-DATE
> Task :things:mapDevSourceSetPaths UP-TO-DATE
> Task :library:packageReleaseResources UP-TO-DATE
> Task :library:network:generateReleaseRFile UP-TO-DATE
> Task :travel:mapDevSourceSetPaths UP-TO-DATE
> Task :library:image:parseReleaseLocalResources UP-TO-DATE
> Task :library:room:parseReleaseLocalResources UP-TO-DATE
> Task :library:work:parseReleaseLocalResources UP-TO-DATE
> Task :games:arrows:extractDevSupportedLocales UP-TO-DATE
> Task :games:arrows:mapDevSourceSetPaths UP-TO-DATE
> Task :library:ui:parseReleaseLocalResources UP-TO-DATE
> Task :travel:extractDevSupportedLocales UP-TO-DATE
> Task :games:solitaire:extractDevSupportedLocales UP-TO-DATE
> Task :library:parseReleaseLocalResources UP-TO-DATE
> Task :library:room:generateReleaseRFile UP-TO-DATE
> Task :library:image:generateReleaseRFile UP-TO-DATE
> Task :games:solitaire:mapDevSourceSetPaths UP-TO-DATE
> Task :sdk:games:generateReleaseRFile UP-TO-DATE
> Task :library:ui:generateReleaseRFile UP-TO-DATE
> Task :library:work:generateReleaseRFile UP-TO-DATE
> Task :library:widgets:packageReleaseResources UP-TO-DATE
> Task :library:generateReleaseRFile UP-TO-DATE
> Task :travel:processDevNavigationResources UP-TO-DATE
> Task :games:arrows:processDevNavigationResources UP-TO-DATE
> Task :health:generateDevResources UP-TO-DATE
> Task :health:extractDevSupportedLocales UP-TO-DATE
> Task :health:mapDevSourceSetPaths UP-TO-DATE
> Task :games:solitaire:processDevNavigationResources UP-TO-DATE
> Task :email:generateDevResources UP-TO-DATE
> Task :email:mapDevSourceSetPaths UP-TO-DATE
> Task :email:extractDevSupportedLocales UP-TO-DATE
> Task :files:extractDevSupportedLocales UP-TO-DATE
> Task :files:generateDevResources UP-TO-DATE
> Task :files:mapDevSourceSetPaths UP-TO-DATE
> Task :contacts:generateDevResources UP-TO-DATE
> Task :contacts:mapDevSourceSetPaths UP-TO-DATE
> Task :library:widgets:parseReleaseLocalResources UP-TO-DATE
> Task :calendar:extractDevSupportedLocales UP-TO-DATE
> Task :calendar:mapDevSourceSetPaths UP-TO-DATE
> Task :flashcards:extractDevSupportedLocales UP-TO-DATE
> Task :flashcards:mapDevSourceSetPaths UP-TO-DATE
> Task :flashcards:generateDevResources UP-TO-DATE
> Task :calendar:generateDevResources UP-TO-DATE
> Task :contacts:extractDevSupportedLocales UP-TO-DATE
> Task :flashcards:processDevNavigationResources UP-TO-DATE
> Task :contacts:processDevNavigationResources UP-TO-DATE
> Task :files:processDevNavigationResources UP-TO-DATE
> Task :library:widgets:generateReleaseRFile UP-TO-DATE
> Task :things:processDevNavigationResources UP-TO-DATE
> Task :health:processDevNavigationResources UP-TO-DATE
> Task :email:generateDevLocaleConfig UP-TO-DATE
> Task :flashcards:generateDevLocaleConfig UP-TO-DATE
> Task :health:generateDevLocaleConfig UP-TO-DATE
> Task :games:arrows:generateDevLocaleConfig UP-TO-DATE
> Task :contacts:generateDevLocaleConfig UP-TO-DATE
> Task :things:generateDevLocaleConfig UP-TO-DATE
> Task :games:solitaire:generateDevLocaleConfig UP-TO-DATE
> Task :travel:generateDevLocaleConfig UP-TO-DATE
> Task :files:generateDevLocaleConfig UP-TO-DATE
> Task :calendar:generateDevLocaleConfig UP-TO-DATE
> Task :things:packageDevResources UP-TO-DATE
> Task :games:arrows:packageDevResources UP-TO-DATE
> Task :things:parseDevLocalResources UP-TO-DATE
> Task :games:arrows:parseDevLocalResources UP-TO-DATE
> Task :sdk:games:compileReleaseKotlin UP-TO-DATE
> Task :things:generateDevRFile UP-TO-DATE
> Task :sdk:games:compileReleaseJavaWithJavac NO-SOURCE
> Task :flashcards:packageDevResources UP-TO-DATE
> Task :sdk:games:bundleLibCompileToJarRelease UP-TO-DATE
> Task :games:solitaire:packageDevResources UP-TO-DATE
> Task :flashcards:parseDevLocalResources UP-TO-DATE
> Task :games:solitaire:parseDevLocalResources UP-TO-DATE
> Task :library:network:compileReleaseKotlin UP-TO-DATE
> Task :health:packageDevResources UP-TO-DATE
> Task :flashcards:generateDevRFile UP-TO-DATE
> Task :email:packageDevResources UP-TO-DATE
> Task :games:arrows:generateDevRFile UP-TO-DATE
> Task :contacts:packageDevResources UP-TO-DATE
> Task :library:network:compileReleaseJavaWithJavac NO-SOURCE
> Task :files:packageDevResources UP-TO-DATE
> Task :health:parseDevLocalResources UP-TO-DATE
> Task :library:network:bundleLibCompileToJarRelease UP-TO-DATE
> Task :contacts:parseDevLocalResources UP-TO-DATE
> Task :files:parseDevLocalResources UP-TO-DATE
> Task :travel:packageDevResources UP-TO-DATE
> Task :contacts:generateDevRFile UP-TO-DATE
> Task :health:generateDevRFile UP-TO-DATE
> Task :files:generateDevRFile UP-TO-DATE
> Task :travel:parseDevLocalResources UP-TO-DATE
> Task :library:kspReleaseKotlin UP-TO-DATE
> Task :calendar:packageDevResources UP-TO-DATE
> Task :games:solitaire:generateDevRFile UP-TO-DATE
> Task :travel:generateDevRFile UP-TO-DATE
> Task :email:processDevNavigationResources UP-TO-DATE
> Task :calendar:processDevNavigationResources UP-TO-DATE
> Task :email:parseDevLocalResources UP-TO-DATE
> Task :calendar:parseDevLocalResources UP-TO-DATE
> Task :email:generateDevRFile UP-TO-DATE
> Task :calendar:generateDevRFile UP-TO-DATE
> Task :library:compileReleaseKotlin UP-TO-DATE
> Task :library:compileReleaseJavaWithJavac NO-SOURCE
> Task :library:bundleLibCompileToJarRelease UP-TO-DATE
> Task :library:room:kspReleaseKotlin UP-TO-DATE
> Task :library:work:compileReleaseKotlin UP-TO-DATE
> Task :library:work:compileReleaseJavaWithJavac NO-SOURCE
> Task :library:work:bundleLibCompileToJarRelease UP-TO-DATE
> Task :library:room:compileReleaseKotlin UP-TO-DATE
> Task :library:room:compileReleaseJavaWithJavac NO-SOURCE
> Task :library:room:bundleLibCompileToJarRelease UP-TO-DATE
> Task :library:widgets:compileReleaseKotlin UP-TO-DATE
> Task :library:widgets:compileReleaseJavaWithJavac NO-SOURCE
> Task :library:ui:compileReleaseKotlin UP-TO-DATE
> Task :library:widgets:bundleLibCompileToJarRelease UP-TO-DATE
> Task :library:ui:compileReleaseJavaWithJavac NO-SOURCE
> Task :library:ui:bundleLibCompileToJarRelease UP-TO-DATE
> Task :library:image:compileReleaseKotlin UP-TO-DATE
> Task :library:image:compileReleaseJavaWithJavac NO-SOURCE
> Task :library:image:bundleLibCompileToJarRelease UP-TO-DATE
> Task :games:arrows:kspDevKotlin UP-TO-DATE
> Task :flashcards:kspDevKotlin UP-TO-DATE
> Task :calendar:kspDevKotlin UP-TO-DATE
> Task :email:kspDevKotlin UP-TO-DATE
> Task :things:kspDevKotlin
> Task :files:kspDevKotlin
> Task :games:solitaire:kspDevKotlin
> Task :contacts:kspDevKotlin
> Task :games:arrows:compileDevKotlin UP-TO-DATE
> Task :flashcards:compileDevKotlin UP-TO-DATE
> Task :calendar:compileDevKotlin UP-TO-DATE
> Task :email:compileDevKotlin UP-TO-DATE
> Task :travel:kspDevKotlin
> Task :health:kspDevKotlin

> Task :things:compileDevKotlin FAILED
e: file:///C:/Users/Vayun/Documents/code/Modern-Apps/things/src/main/java/com/vayunmathur/things/platform/ScaleBleConnection.kt:82:38 Unresolved reference 'SCAN_TIMEOUT_MS'.

> Task :games:solitaire:compileDevKotlin
e: file:///C:/Users/Vayun/Documents/code/Modern-Apps/games/solitaire/src/main/java/com/vayunmathur/games/solitaire/platform/SolitaireKlondikeOps.kt:42:58 Unresolved reference 'redeals' on receiver of type 'KlondikeDifficulty'.
e: file:///C:/Users/Vayun/Documents/code/Modern-Apps/games/solitaire/src/main/java/com/vayunmathur/games/solitaire/platform/SolitaireKlondikeOps.kt:59:18 Unresolved reference 'update' on receiver of type 'MutableStateFlow<SolitaireUiState>'.
e: file:///C:/Users/Vayun/Documents/code/Modern-Apps/games/solitaire/src/main/java/com/vayunmathur/games/solitaire/platform/SolitaireKlondikeOps.kt:60:13 Unresolved reference 'it'.
e: file:///C:/Users/Vayun/Documents/code/Modern-Apps/games/solitaire/src/main/java/com/vayunmathur/games/solitaire/platform/SolitaireKlondikeOps.kt:60:16 Cannot infer type for type parameter 'K'. Specify it explicitly.
e: file:///C:/Users/Vayun/Documents/code/Modern-Apps/games/solitaire/src/main/java/com/vayunmathur/games/solitaire/platform/SolitaireKlondikeOps.kt:60:16 Cannot infer type for type parameter 'V'. Specify it explicitly.
e: file:///C:/Users/Vayun/Documents/code/Modern-Apps/games/solitaire/src/main/java/com/vayunmathur/games/solitaire/platform/SolitaireKlondikeOps.kt:60:16 This declaration needs opt-in. Its usage must be marked with '@kotlin.ExperimentalStdlibApi' or '@OptIn(kotlin.ExperimentalStdlibApi::class)'
e: file:///C:/Users/Vayun/Documents/code/Modern-Apps/games/solitaire/src/main/java/com/vayunmathur/games/solitaire/platform/SolitaireKlondikeOps.kt:71:18 Unresolved reference 'update' on receiver of type 'MutableStateFlow<SolitaireUiState>'.
e: file:///C:/Users/Vayun/Documents/code/Modern-Apps/games/solitaire/src/main/java/com/vayunmathur/games/solitaire/platform/SolitaireKlondikeOps.kt:72:13 Unresolved reference 'it'.
e: file:///C:/Users/Vayun/Documents/code/Modern-Apps/games/solitaire/src/main/java/com/vayunmathur/games/solitaire/platform/SolitaireKlondikeOps.kt:72:16 Cannot infer type for type parameter 'K'. Specify it explicitly.
e: file:///C:/Users/Vayun/Documents/code/Modern-Apps/games/solitaire/src/main/java/com/vayunmathur/games/solitaire/platform/SolitaireKlondikeOps.kt:72:16 Cannot infer type for type parameter 'V'. Specify it explicitly.
e: file:///C:/Users/Vayun/Documents/code/Modern-Apps/games/solitaire/src/main/java/com/vayunmathur/games/solitaire/platform/SolitaireKlondikeOps.kt:72:16 This declaration needs opt-in. Its usage must be marked with '@kotlin.ExperimentalStdlibApi' or '@OptIn(kotlin.ExperimentalStdlibApi::class)'
e: file:///C:/Users/Vayun/Documents/code/Modern-Apps/games/solitaire/src/main/java/com/vayunmathur/games/solitaire/platform/SolitaireKlondikeOps.kt:90:14 Unresolved reference 'update' on receiver of type 'MutableStateFlow<SolitaireUiState>'.
e: file:///C:/Users/Vayun/Documents/code/Modern-Apps/games/solitaire/src/main/java/com/vayunmathur/games/solitaire/platform/SolitaireKlondikeOps.kt:91:9 Unresolved reference 'it'.
e: file:///C:/Users/Vayun/Documents/code/Modern-Apps/games/solitaire/src/main/java/com/vayunmathur/games/solitaire/platform/SolitaireKlondikeOps.kt:91:12 Cannot infer type for type parameter 'K'. Specify it explicitly.
e: file:///C:/Users/Vayun/Documents/code/Modern-Apps/games/solitaire/src/main/java/com/vayunmathur/games/solitaire/platform/SolitaireKlondikeOps.kt:91:12 Cannot infer type for type parameter 'V'. Specify it explicitly.
e: file:///C:/Users/Vayun/Documents/code/Modern-Apps/games/solitaire/src/main/java/com/vayunmathur/games/solitaire/platform/SolitaireKlondikeOps.kt:91:12 This declaration needs opt-in. Its usage must be marked with '@kotlin.ExperimentalStdlibApi' or '@OptIn(kotlin.ExperimentalStdlibApi::class)'
e: file:///C:/Users/Vayun/Documents/code/Modern-Apps/games/solitaire/src/main/java/com/vayunmathur/games/solitaire/platform/SolitaireKlondikeOps.kt:108:14 Unresolved reference 'update' on receiver of type 'MutableStateFlow<SolitaireUiState>'.
e: file:///C:/Users/Vayun/Documents/code/Modern-Apps/games/solitaire/src/main/java/com/vayunmathur/games/solitaire/platform/SolitaireKlondikeOps.kt:109:9 Unresolved reference 'it'.
e: file:///C:/Users/Vayun/Documents/code/Modern-Apps/games/solitaire/src/main/java/com/vayunmathur/games/solitaire/platform/SolitaireKlondikeOps.kt:109:12 Cannot infer type for type parameter 'K'. Specify it explicitly.
e: file:///C:/Users/Vayun/Documents/code/Modern-Apps/games/solitaire/src/main/java/com/vayunmathur/games/solitaire/platform/SolitaireKlondikeOps.kt:109:12 Cannot infer type for type parameter 'V'. Specify it explicitly.
e: file:///C:/Users/Vayun/Documents/code/Modern-Apps/games/solitaire/src/main/java/com/vayunmathur/games/solitaire/platform/SolitaireKlondikeOps.kt:109:12 This declaration needs opt-in. Its usage must be marked with '@kotlin.ExperimentalStdlibApi' or '@OptIn(kotlin.ExperimentalStdlibApi::class)'
e: file:///C:/Users/Vayun/Documents/code/Modern-Apps/games/solitaire/src/main/java/com/vayunmathur/games/solitaire/platform/SolitaireKlondikeOps.kt:131:14 Unresolved reference 'update' on receiver of type 'MutableStateFlow<SolitaireUiState>'.
e: file:///C:/Users/Vayun/Documents/code/Modern-Apps/games/solitaire/src/main/java/com/vayunmathur/games/solitaire/platform/SolitaireKlondikeOps.kt:132:9 Unresolved reference 'it'.
e: file:///C:/Users/Vayun/Documents/code/Modern-Apps/games/solitaire/src/main/java/com/vayunmathur/games/solitaire/platform/SolitaireKlondikeOps.kt:132:12 Cannot infer type for type parameter 'K'. Specify it explicitly.
e: file:///C:/Users/Vayun/Documents/code/Modern-Apps/games/solitaire/src/main/java/com/vayunmathur/games/solitaire/platform/SolitaireKlondikeOps.kt:132:12 Cannot infer type for type parameter 'V'. Specify it explicitly.
e: file:///C:/Users/Vayun/Documents/code/Modern-Apps/games/solitaire/src/main/java/com/vayunmathur/games/solitaire/platform/SolitaireKlondikeOps.kt:132:12 This declaration needs opt-in. Its usage must be marked with '@kotlin.ExperimentalStdlibApi' or '@OptIn(kotlin.ExperimentalStdlibApi::class)'
e: file:///C:/Users/Vayun/Documents/code/Modern-Apps/games/solitaire/src/main/java/com/vayunmathur/games/solitaire/platform/SolitaireKlondikeOps.kt:154:14 Unresolved reference 'update' on receiver of type 'MutableStateFlow<SolitaireUiState>'.
e: file:///C:/Users/Vayun/Documents/code/Modern-Apps/games/solitaire/src/main/java/com/vayunmathur/games/solitaire/platform/SolitaireKlondikeOps.kt:155:9 Unresolved reference 'it'.
e: file:///C:/Users/Vayun/Documents/code/Modern-Apps/games/solitaire/src/main/java/com/vayunmathur/games/solitaire/platform/SolitaireKlondikeOps.kt:155:12 Cannot infer type for type parameter 'K'. Specify it explicitly.
e: file:///C:/Users/Vayun/Documents/code/Modern-Apps/games/solitaire/src/main/java/com/vayunmathur/games/solitaire/platform/SolitaireKlondikeOps.kt:155:12 Cannot infer type for type parameter 'V'. Specify it explicitly.
e: file:///C:/Users/Vayun/Documents/code/Modern-Apps/games/solitaire/src/main/java/com/vayunmathur/games/solitaire/platform/SolitaireKlondikeOps.kt:155:12 This declaration needs opt-in. Its usage must be marked with '@kotlin.ExperimentalStdlibApi' or '@OptIn(kotlin.ExperimentalStdlibApi::class)'
e: file:///C:/Users/Vayun/Documents/code/Modern-Apps/games/solitaire/src/main/java/com/vayunmathur/games/solitaire/platform/SolitaireKlondikeOps.kt:226:14 Unresolved reference 'update' on receiver of type 'MutableStateFlow<SolitaireUiState>'.
e: file:///C:/Users/Vayun/Documents/code/Modern-Apps/games/solitaire/src/main/java/com/vayunmathur/games/solitaire/platform/SolitaireKlondikeOps.kt:226:23 Unresolved reference 'it'.
e: file:///C:/Users/Vayun/Documents/code/Modern-Apps/games/solitaire/src/main/java/com/vayunmathur/games/solitaire/platform/SolitaireKlondikeOps.kt:226:26 Cannot infer type for type parameter 'K'. Specify it explicitly.
e: file:///C:/Users/Vayun/Documents/code/Modern-Apps/games/solitaire/src/main/java/com/vayunmathur/games/solitaire/platform/SolitaireKlondikeOps.kt:226:26 Cannot infer type for type parameter 'V'. Specify it explicitly.
e: file:///C:/Users/Vayun/Documents/code/Modern-Apps/games/solitaire/src/main/java/com/vayunmathur/games/solitaire/platform/SolitaireKlondikeOps.kt:226:26 This declaration needs opt-in. Its usage must be marked with '@kotlin.ExperimentalStdlibApi' or '@OptIn(kotlin.ExperimentalStdlibApi::class)'
e: file:///C:/Users/Vayun/Documents/code/Modern-Apps/games/solitaire/src/main/java/com/vayunmathur/games/solitaire/platform/SolitaireKlondikeOps.kt:248:18 Unresolved reference 'update' on receiver of type 'MutableStateFlow<SolitaireUiState>'.
e: file:///C:/Users/Vayun/Documents/code/Modern-Apps/games/solitaire/src/main/java/com/vayunmathur/games/solitaire/platform/SolitaireKlondikeOps.kt:248:27 Unresolved reference 'it'.
e: file:///C:/Users/Vayun/Documents/code/Modern-Apps/games/solitaire/src/main/java/com/vayunmathur/games/solitaire/platform/SolitaireKlondikeOps.kt:248:30 Cannot infer type for type parameter 'K'. Specify it explicitly.
e: file:///C:/Users/Vayun/Documents/code/Modern-Apps/games/solitaire/src/main/java/com/vayunmathur/games/solitaire/platform/SolitaireKlondikeOps.kt:248:30 Cannot infer type for type parameter 'V'. Specify it explicitly.
e: file:///C:/Users/Vayun/Documents/code/Modern-Apps/games/solitaire/src/main/java/com/vayunmathur/games/solitaire/platform/SolitaireKlondikeOps.kt:248:30 This declaration needs opt-in. Its usage must be marked with '@kotlin.ExperimentalStdlibApi' or '@OptIn(kotlin.ExperimentalStdlibApi::class)'

> Task :games:solitaire:compileDevKotlin FAILED

> Task :contacts:compileDevKotlin
e: file:///C:/Users/Vayun/Documents/code/Modern-Apps/contacts/src/main/java/com/vayunmathur/contacts/ui/ContactDetailsRows.kt:117:14 Unresolved reference 'background' on receiver of type 'Modifier'.
e: file:///C:/Users/Vayun/Documents/code/Modern-Apps/contacts/src/main/java/com/vayunmathur/contacts/ui/ContactDetailsRows.kt:124:33 Unresolved reference 'padding'.
e: file:///C:/Users/Vayun/Documents/code/Modern-Apps/contacts/src/main/java/com/vayunmathur/contacts/ui/ContactItem.kt:15:33 Conflicting import: imported name 'Composable' is ambiguous.
e: file:///C:/Users/Vayun/Documents/code/Modern-Apps/contacts/src/main/java/com/vayunmathur/contacts/ui/ContactItem.kt:22:33 Conflicting import: imported name 'Composable' is ambiguous.
e: file:///C:/Users/Vayun/Documents/code/Modern-Apps/contacts/src/main/java/com/vayunmathur/contacts/ui/ContactItem.kt:94:9 Cannot infer type for type parameter 'T'. Specify it explicitly.
e: file:///C:/Users/Vayun/Documents/code/Modern-Apps/contacts/src/main/java/com/vayunmathur/contacts/ui/ContactItem.kt:106:13 Unresolved reference 'Row'.
e: file:///C:/Users/Vayun/Documents/code/Modern-Apps/contacts/src/main/java/com/vayunmathur/contacts/ui/ContactItem.kt:113:17 @Composable invocations can only happen from the context of a @Composable function
e: file:///C:/Users/Vayun/Documents/code/Modern-Apps/contacts/src/main/java/com/vayunmathur/contacts/ui/ContactItem.kt:120:43 @Composable invocations can only happen from the context of a @Composable function
e: file:///C:/Users/Vayun/Documents/code/Modern-Apps/contacts/src/main/java/com/vayunmathur/contacts/ui/ContactItem.kt:124:17 Unresolved reference 'Spacer'.
e: file:///C:/Users/Vayun/Documents/code/Modern-Apps/contacts/src/main/java/com/vayunmathur/contacts/ui/ContactItem.kt:125:17 @Composable invocations can only happen from the context of a @Composable function
e: file:///C:/Users/Vayun/Documents/code/Modern-Apps/contacts/src/main/java/com/vayunmathur/contacts/ui/ContactItem.kt:125:44 Unresolved reference 'weight'.
e: file:///C:/Users/Vayun/Documents/code/Modern-Apps/contacts/src/main/java/com/vayunmathur/contacts/ui/ContactItem.kt:137:21 Unresolved reference 'Row'.
e: file:///C:/Users/Vayun/Documents/code/Modern-Apps/contacts/src/main/java/com/vayunmathur/contacts/ui/ContactItem.kt:139:29 @Composable invocations can only happen from the context of a @Composable function
e: file:///C:/Users/Vayun/Documents/code/Modern-Apps/contacts/src/main/java/com/vayunmathur/contacts/ui/ContactItem.kt:141:55 @Composable invocations can only happen from the context of a @Composable function
e: file:///C:/Users/Vayun/Documents/code/Modern-Apps/contacts/src/main/java/com/vayunmathur/contacts/ui/ContactItem.kt:146:47 @Composable invocations can only happen from the context of a @Composable function
e: file:///C:/Users/Vayun/Documents/code/Modern-Apps/contacts/src/main/java/com/vayunmathur/contacts/ui/ContactItem.kt:179:21 Unresolved reference 'Spacer'.
e: file:///C:/Users/Vayun/Documents/code/Modern-Apps/contacts/src/main/java/com/vayunmathur/contacts/ui/ContactItem.kt:180:36 @Composable invocations can only happen from the context of a @Composable function
e: file:///C:/Users/Vayun/Documents/code/Modern-Apps/contacts/src/main/java/com/vayunmathur/contacts/ui/ContactItem.kt:181:21 @Composable invocations can only happen from the context of a @Composable function
e: file:///C:/Users/Vayun/Documents/code/Modern-Apps/contacts/src/main/java/com/vayunmathur/contacts/ui/ContactItem.kt:184:47 @Composable invocations can only happen from the context of a @Composable function
e: file:///C:/Users/Vayun/Documents/code/Modern-Apps/contacts/src/main/java/com/vayunmathur/contacts/ui/ContactItem.kt:185:47 @Composable invocations can only happen from the context of a @Composable function
e: file:///C:/Users/Vayun/Documents/code/Modern-Apps/contacts/src/main/java/com/vayunmathur/contacts/ui/ContactItem.kt:199:17 Unresolved reference 'Spacer'.

> Task :contacts:compileDevKotlin FAILED
> Task :files:compileDevKotlin
> Task :travel:compileDevKotlin

> Task :health:compileDevKotlin
w: file:///C:/Users/Vayun/Documents/code/Modern-Apps/health/src/main/java/com/vayunmathur/health/domain/FhirMedication.kt:121:45 'val monthNumber: Int' is deprecated. Use the 'month' property instead.
w: file:///C:/Users/Vayun/Documents/code/Modern-Apps/health/src/main/java/com/vayunmathur/health/domain/FhirMedication.kt:121:63 'val dayOfMonth: Int' is deprecated. Use the 'day' property instead.
w: file:///C:/Users/Vayun/Documents/code/Modern-Apps/health/src/main/java/com/vayunmathur/health/ui/CatalogPickerPage.kt:204:25 'when' is exhaustive so 'else' is redundant here.


FAILURE: Build completed with 3 failures.

1: Task failed with an exception.
-----------
* What went wrong:
Execution failed for task ':things:compileDevKotlin' (registered by plugin 'com.android.internal.application').
> A failure occurred while executing org.jetbrains.kotlin.compilerRunner.btapi.BuildToolsApiCompilationWork
   > Kotlin compiler: UNRESOLVED_REFERENCE
       Kotlin compiler error
         Unresolved reference 'SCAN_TIMEOUT_MS'.
         Location: C:/Users/Vayun/Documents/code/Modern-Apps/things/src/main/java/com/vayunmathur/things/platform/ScaleBleConnection.kt line 82

* Try:
> Run with --stacktrace option to get the stack trace.
> Run with --info or --debug option to get more log output.
> Run with --scan to get full insights from a Build Scan (powered by Develocity).
> Get more help at https://help.gradle.org.
==============================================================================

2: Task failed with an exception.
-----------
[Incubating] Problems report is available at: file:///C:/Users/Vayun/Documents/code/Modern-Apps/build/reports/problems/problems-report.html
* What went wrong:
Execution failed for task ':games:solitaire:compileDevKotlin' (registered by plugin 'com.android.internal.application').
> A failure occurred while executing org.jetbrains.kotlin.compilerRunner.btapi.BuildToolsApiCompilationWork
   > Kotlin compiler: UNRESOLVED_REFERENCE
       Kotlin compiler error
         Unresolved reference 'redeals' on receiver of type 'KlondikeDifficulty'.
         Location: C:/Users/Vayun/Documents/code/Modern-Apps/games/solitaire/src/main/java/com/vayunmathur/games/solitaire/platform/SolitaireKlondikeOps.kt line 42

* Try:
> Run with --stacktrace option to get the stack trace.
> Run with --info or --debug option to get more log output.
203 actionable tasks: 12 executed, 191 up-to-date
Configuration cache entry stored.
> Run with --scan to get full insights from a Build Scan (powered by Develocity).
> Get more help at https://help.gradle.org.
==============================================================================

3: Task failed with an exception.
-----------
* What went wrong:
Execution failed for task ':contacts:compileDevKotlin' (registered by plugin 'com.android.internal.application').
> A failure occurred while executing org.jetbrains.kotlin.compilerRunner.btapi.BuildToolsApiCompilationWork
   > Kotlin compiler: UNRESOLVED_REFERENCE
       Kotlin compiler error
         Unresolved reference 'background' on receiver of type 'Modifier'.
         Location: C:/Users/Vayun/Documents/code/Modern-Apps/contacts/src/main/java/com/vayunmathur/contacts/ui/ContactDetailsRows.kt line 117

* Try:
> Run with --stacktrace option to get the stack trace.
> Run with --info or --debug option to get more log output.
> Run with --scan to get full insights from a Build Scan (powered by Develocity).
> Get more help at https://help.gradle.org.
==============================================================================

BUILD FAILED in 50s
